this is not good as omni is managins all cluster it seems omni api is ok, but the cluster own api dones exist as was not bootrap using talos but using omni so all of htem have the same api thats the omni one and omni dont accept the token, since it waws not bootrapp by talos no api exists, just the omni exist i see now why, i need a way to connecte cluster or else no svcs in other cluster can be reoslveed or a will$ kubectl apply -f  broke_job.yaml
job.batch/deploy-submariner-broker created have to use an ip for each cluster each ius not ideial 


$ kubectl -n submariner-k8s-broker get pods
NAME                             READY   STATUS   RESTARTS   AGE
deploy-submariner-broker-lhxxq   0/1     Error    0          7s

PAA3LIS@LIS-C-002L2 MINGW64 ~
$ kubectl -n submariner-k8s-broker describe pods
Name:             deploy-submariner-broker-lhxxq
Namespace:        submariner-k8s-broker
Priority:         0
Service Account:  submariner-broker-installer
Node:             klusterx-worker-infra-04/10.19.143.70
Start Time:       Fri, 30 Jan 2026 18:49:24 +0000
Labels:           batch.kubernetes.io/controller-uid=c29f8e9a-f26e-418b-a596-36526fa1f405
                  batch.kubernetes.io/job-name=deploy-submariner-broker
                  controller-uid=c29f8e9a-f26e-418b-a596-36526fa1f405
                  job-name=deploy-submariner-broker
Annotations:      <none>
Status:           Failed
IP:               10.244.5.242
IPs:
  IP:           10.244.5.242
Controlled By:  Job/deploy-submariner-broker
Containers:
  subctl:
    Container ID:  containerd://239b132323bbf4f66ff846a37d28579b159c8f0a24559221c7bab258e931cabd
    Image:         quay.io/submariner/subctl:0.22.0
    Image ID:      quay.io/submariner/subctl@sha256:3f78777149921cacee8a2200f8e39113f176c1637160b4ba02bbe704e9c4372f
    Port:          <none>
    Host Port:     <none>
    Command:
      subctl
    Args:
      deploy-broker
      --namespace
      submariner-k8s-broker
      --broker-url
      https://kubernetes.default.svc:443
      --globalnet
    State:          Terminated
      Reason:       Error
      Exit Code:    1
      Started:      Fri, 30 Jan 2026 18:49:25 +0000
      Finished:     Fri, 30 Jan 2026 18:49:25 +0000
    Ready:          False
    Restart Count:  0
    Environment:
      KUBECONFIG:
    Mounts:
      /var/run/secrets/kubernetes.io/serviceaccount from kube-api-access-8fzrz (ro)
Conditions:
  Type                        Status
  PodReadyToStartContainers   False
  Initialized                 True
  Ready                       False
  ContainersReady             False
  PodScheduled                True
Volumes:
  kube-api-access-8fzrz:
    Type:                    Projected (a volume that contains injected data from multiple sources)
    TokenExpirationSeconds:  3607
    ConfigMapName:           kube-root-ca.crt
    Optional:                false
    DownwardAPI:             true
QoS Class:                   BestEffort
Node-Selectors:              <none>
Tolerations:                 node.kubernetes.io/not-ready:NoExecute op=Exists for 300s
                             node.kubernetes.io/unreachable:NoExecute op=Exists for 300s
Events:
  Type    Reason     Age   From               Message
  ----    ------     ----  ----               -------
  Normal  Scheduled  16s   default-scheduler  Successfully assigned submariner-k8s-broker/deploy-submariner-broker-lhxxq to klusterx-worker-infra-04
  Normal  Pulled     16s   kubelet            Container image "quay.io/submariner/subctl:0.22.0" already present on machine
  Normal  Created    16s   kubelet            Created container: subctl
  Normal  Started    15s   kubelet            Started container subctl


Name:             deploy-submariner-broker-rgcql
Namespace:        submariner-k8s-broker
Priority:         0
Service Account:  submariner-broker-installer
Node:             klusterx-worker-infra-04/10.19.143.70
Start Time:       Fri, 30 Jan 2026 18:49:35 +0000
Labels:           batch.kubernetes.io/controller-uid=c29f8e9a-f26e-418b-a596-36526fa1f405
                  batch.kubernetes.io/job-name=deploy-submariner-broker
                  controller-uid=c29f8e9a-f26e-418b-a596-36526fa1f405
                  job-name=deploy-submariner-broker
Annotations:      <none>
Status:           Failed
IP:               10.244.5.109
IPs:
  IP:           10.244.5.109
Controlled By:  Job/deploy-submariner-broker
Containers:
  subctl:
    Container ID:  containerd://ba14ac6857115f03348a6be4c493433e2db58604d8e6d95aa5697a5f065ec6e6
    Image:         quay.io/submariner/subctl:0.22.0
    Image ID:      quay.io/submariner/subctl@sha256:3f78777149921cacee8a2200f8e39113f176c1637160b4ba02bbe704e9c4372f
    Port:          <none>
    Host Port:     <none>
    Command:
      subctl
    Args:
      deploy-broker
      --namespace
      submariner-k8s-broker
      --broker-url
      https://kubernetes.default.svc:443
      --globalnet
    State:          Terminated
      Reason:       Error
      Exit Code:    1
      Started:      Fri, 30 Jan 2026 18:49:35 +0000
      Finished:     Fri, 30 Jan 2026 18:49:35 +0000
    Ready:          False
    Restart Count:  0
    Environment:
      KUBECONFIG:
    Mounts:
      /var/run/secrets/kubernetes.io/serviceaccount from kube-api-access-lxfvg (ro)
Conditions:
  Type                        Status
  PodReadyToStartContainers   False
  Initialized                 True
  Ready                       False
  ContainersReady             False
  PodScheduled                True
Volumes:
  kube-api-access-lxfvg:
    Type:                    Projected (a volume that contains injected data from multiple sources)
    TokenExpirationSeconds:  3607
    ConfigMapName:           kube-root-ca.crt
    Optional:                false
    DownwardAPI:             true
QoS Class:                   BestEffort
Node-Selectors:              <none>
Tolerations:                 node.kubernetes.io/not-ready:NoExecute op=Exists for 300s
                             node.kubernetes.io/unreachable:NoExecute op=Exists for 300s
Events:
  Type    Reason     Age   From               Message
  ----    ------     ----  ----               -------
  Normal  Scheduled  6s    default-scheduler  Successfully assigned submariner-k8s-broker/deploy-submariner-broker-rgcql to klusterx-worker-infra-04
  Normal  Pulled     6s    kubelet            Container image "quay.io/submariner/subctl:0.22.0" already present on machine
  Normal  Created    6s    kubelet            Created container: subctl
  Normal  Started    6s    kubelet            Started container subctl

PAA3LIS@LIS-C-002L2 MINGW64 ~
$ kubectl -n submariner-k8s-broker logs deploy-submariner-broker-rgcql
 ✗ Error building the cluster.Info for the default configuration: could not obtain the cluster name from kube config: {
  "clusters": {},
  "users": {},
  "contexts": {},
  "current-context": ""
}

subctl version: release-0.22-6820f0d17e2b


PAA3LIS@LIS-C-002L2 MINGW64 ~
$ cat  broke_job.yaml
apiVersion: batch/v1
kind: Job
metadata:
  name: deploy-submariner-broker
  namespace: submariner-k8s-broker
spec:
  backoffLimit: 1
  template:
    spec:
      restartPolicy: Never
      serviceAccountName: submariner-broker-installer

      # Talos: must run as root
      securityContext:
        runAsUser: 0
        runAsGroup: 0

      containers:
      - name: subctl
        image: quay.io/submariner/subctl:0.22.0
        command: ["subctl"]
        args:
          - "deploy-broker"
          - "--namespace"
          - "submariner-k8s-broker"
          - "--broker-url"
          - "https://kubernetes.default.svc:443"
          - "--globalnet"
        env:
        # Forces in-cluster config, avoids Omni kubeconfig
        - name: KUBECONFIG
          value: ""
        securityContext:
          allowPrivilegeEscalation: false
          capabilities:
            drop: ["ALL"]











I hear you. If Omni is the ONLY control-plane endpoint for every cluster, and cluster-local apiservers are not reachable directly, then:

A pod in a spoke cannot reach the broker’s apiserver at kubernetes.default.svc in the broker cluster (that DNS resolves to the spoke’s apiserver).
And Omni’s API won’t accept cluster ServiceAccount (SA) tokens from either side.

Under those constraints, a standard subctl join must talk to the broker API, but there is no network + auth path from the spoke to the broker unless you either:

use Omni (as the broker URL and with an Omni-issued token), or
provide a temporary out-of-band TCP path to the broker apiserver (tunnel/VIP) that the spokes can reach and that matches the broker’s apiserver cert.

There isn’t a third way—subctl join needs to reach the broker’s API to write the broker-side cluster records.
Below are two pragmatic, working paths. Pick whichever is acceptable in your environment.

✅ Path A — Bootstrap via Omni (minimal, temporary Omni usage)
Idea: Use Omni only during bootstrap to let spokes reach the broker’s API. You regenerate broker-info.subm with:

brokerURL: Omni API URL (the only reachable endpoint)
clientToken: an Omni-issued bearer token (NOT a cluster SA token) that has read/write only in the broker namespace for Submariner broker objects (least privilege)

After all spokes join and Submariner connectivity is up, you can later rotate the broker URL to an internal endpoint reachable over Submariner (optional).
Steps


Create a dedicated Omni credential with minimum RBAC against the broker cluster namespace submariner-k8s-broker:

Permissions needed: CRUD on Secrets/ConfigMaps in that namespace, reads on Submariner CRDs under submariner.io in the broker namespace; often simpler to allow the broker namespace broadly during bootstrap.
This is an Omni-side action (create a user/token or service account in Omni with those permissions).



Regenerate broker-info.subm on the broker cluster with:

brokerURL: the Omni API URL (e.g., https://omni.example.com:PORT)
clientToken.data["token"]: the Omni bearer token, base64-encoded
clientToken.data["ca.crt"]: the Omni API CA, base64-encoded (NOT the in-cluster CA)
clientToken.data["namespace"]: base64(submariner-k8s-broker)



Here’s a broker-side Job that writes and upserts the broker-info Secret to use Omni (you must paste the Omni CA and Omni token into a Secret first, or inject via env; example below uses a Secret so no secrets in clear YAML):
1 error occurred: * overriding "cluster.controlPlane.endpoint" is not allowed in the config patch

how the A can even work is iam providing a different url then the broker has, when it gets to the other  cluster skpoe it will think the url is controlplane omni, but omni cant credentials are not going to later point to the real broker never will, i get that omni knows each cluster name but doesnt really point to the real cluster broker i would have   "https://kube-omni-klusterx.de.cortp .com/apis/submariner.io/v1/namespaces/submariner-k8s-broker/clusters, but this controlplane is not cluster aware and it dont seen it subpport crosscluster manipulation , but i know i can do with the cluster own controlplane a can reach something if i use cat  submariner-hub-omni-infra.kubeconfig
cat  submariner-hub-omni-infra.kubeconfig
apiVersion: v1
clusters:
- cluster:
    #certificate-authority-data: LS0tLS1CRUdJTiBDRVJUSUZJQ0FURS0tLS0tCk1JSUJpakNDQVRDZ0F3SUJBZ0lSQU1Ld005VjJVQ1RPNEhhSlhkOFMwb3N3Q2dZSUtvWkl6ajBFQXdJd0ZURVQKTUJFR0ExVUVDaE1LYTNWaVpYSnVaWFJsY3pBZUZ3MHlOVEV5TURJeE1UUTJORGRhRncwek5URXhNekF4TVRRMgpORGRhTUJVeEV6QVJCZ05WQkFvVENtdDFZbVZ5Ym1WMFpYTXdXVEFUQmdjcWhrak9QUUlCQmdncWhrak9QUU1CCkJ3TkNBQVE4M1B3dzhNSWVqSTZnRGVWdk1RWEIrV2JNMVVLUDFjaTNndWJTc1VxaFVDM2h0NW04Mkw5ZlRuUEUKaGNXQmZ5Zm5rbW9zaVlYc2dKc1FSR0pNd1JXOW8yRXdYekFPQmdOVkhROEJBZjhFQkFNQ0FvUXdIUVlEVlIwbApCQll3RkFZSUt3WUJCUVVIQXdFR0NDc0dBUVVGQndNQ01BOEdBMVVkRXdFQi93UUZNQU1CQWY4d0hRWURWUjBPCkJCWUVGRDFZLzdaSmhQTnIweFNyeVRCZ1phWkF3Q21mTUFvR0NDcUdTTTQ5QkFNQ0EwZ0FNRVVDSVFEbTJ5RzkKcVdpTGZhZjBTbmhIaitWRDRLaWpyUG5WZGQzdm95QkFhSG9GbndJZ0I3ZnloV1Y1enRJUVIzRUtUK0kzL3B0Ngo2YXZNWWw5SDUySHNKdnpJUkl3PQotLS0tLUVORCBDRVJUSUZJQ0FURS0tLS0tCg==
    server: https://192.188.143.69:6443
  name: omni-infra
contexts:
- context:
    cluster: omni-infra
    user: submariner
  name: omni-infra
current-context: omni-infra
kind: Config
users:
- name: submariner
  user:
    token: eyJicm9rZXJVUkwiOiJodHRwczovL2t1YmUtb21uaS1rbHVzdGVyeC5kZS5ib3NjaC5jb20vIiwiY2xpZW50VG9rZW4iOnsibWV0YWRhdGEiOnsibmFtZSI6InN1Ym1hcmluZXItazhzLWJyb2tlci1hZG1pbi10b2tlbi1kd3BkYiIsImdlbmVyYXRlTmFtZSI6InN1Ym1hcmluZXItazhzLWJyb2tlci1hZG1pbi10b2tlbi0iLCJuYW1lc3BhY2UiOiJzdWJtYXJpbmVyLWs4cy1icm9rZXIiLCJ1aWQiOiJhOTEzMDE3ZC02MmMwLTRmMjQtODc3OC1kMDA2MDdhMjA5ZGMiLCJyZXNvdXJjZVZlcnNpb24iOiIyMDQ4MjEwOSIsImNyZWF0aW9uVGltZXN0YW1wIjoiMjAyNi0wMS0yN1QyMDoyMToyMFoiLCJhbm5vdGF0aW9ucyI6eyJrdWJlcm5ldGVzLmlvL2NyZWF0ZWQtYnkiOiJzdWJjdGwiLCJrdWJlcm5ldGVzLmlvL3NlcnZpY2UtYWNjb3VudC5uYW1lIjoic3VibWFyaW5lci1rOHMtYnJva2VyLWFkbWluIiwia3ViZXJuZXRlcy5pby9zZXJ2aWNlLWFjY291bnQudWlkIjoiOWZhNzI3ZDAtMzU3Zi00YzgwLWI1YTYtNDJkN2Q3YmM4ZWI2In0sIm1hbmFnZWRGaWVsZHMiOlt7Im1hbmFnZXIiOiJrdWJlLWNvbnRyb2xsZXItbWFuYWdlciIsIm9wZXJhdGlvbiI6IlVwZGF0ZSIsImFwaVZlcnNpb24iOiJ2MSIsInRpbWUiOiIyMDI2LTAxLTI3VDIwOjIxOjIwWiIsImZpZWxkc1R5cGUiOiJGaWVsZHNWMSIsImZpZWxkc1YxIjp7ImY6ZGF0YSI6eyIuIjp7fSwiZjpjYS5jcnQiOnt9LCJmOm5hbWVzcGFjZSI6e30sImY6dG9rZW4iOnt9fSwiZjptZXRhZGF0YSI6eyJmOmFubm90YXRpb25zIjp7ImY6a3ViZXJuZXRlcy5pby9zZXJ2aWNlLWFjY291bnQudWlkIjp7fX19fX0seyJtYW5hZ2VyIjoic3ViY3RsIiwib3BlcmF0aW9uIjoiVXBkYXRlIiwiYXBpVmVyc2lvbiI6InYxIiwidGltZSI6IjIwMjYtMDEtMjdUMjA6MjE6MjBaIiwiZmllbGRzVHlwZSI6IkZpZWxkc1YxIiwiZmllbGRzVjEiOnsiZjptZXRhZGF0YSI6eyJmOmFubm90YXRpb25zIjp7Ii4iOnt9LCJmOmt1YmVybmV0ZXMuaW8vY3JlYXRlZC1ieSI6e30sImY6a3ViZXJuZXRlcy5pby9zZXJ2aWNlLWFjY291bnQubmFtZSI6e319LCJmOmdlbmVyYXRlTmFtZSI6e319LCJmOnR5cGUiOnt9fX1dfSwiZGF0YSI6eyJjYS5jcnQiOiJMUzB0TFMxQ1JVZEpUaUJEUlZKVVNVWkpRMEZVUlMwdExTMHRDazFKU1VKcGFrTkRRVlJEWjBGM1NVSkJaMGxTUVUxTGQwMDVWakpWUTFSUE5FaGhTbGhrT0ZNd2IzTjNRMmRaU1V0dldrbDZhakJGUVhkSmQwWlVSVlFLVFVKRlIwRXhWVVZEYUUxTFlUTldhVnBZU25WYVdGSnNZM3BCWlVaM01IbE9WRVY1VFVSSmVFMVVVVEpPUkdSaFJuY3dlazVVUlhoTmVrRjRUVlJSTWdwT1JHUmhUVUpWZUVWNlFWSkNaMDVXUWtGdlZFTnRkREZaYlZaNVltMVdNRnBZVFhkWFZFRlVRbWRqY1docmFrOVFVVWxDUW1kbmNXaHJhazlRVVUxQ0NrSjNUa05CUVZFNE0xQjNkemhOU1dWcVNUWm5SR1ZXZGsxUldFSXJWMkpOTVZWTFVERmphVE5uZFdKVGMxVnhhRlZETTJoME5XMDRNa3c1WmxSdVVFVUthR05YUW1aNVptNXJiVzl6YVZsWWMyZEtjMUZTUjBwTmQxSlhPVzh5UlhkWWVrRlBRbWRPVmtoUk9FSkJaamhGUWtGTlEwRnZVWGRJVVZsRVZsSXdiQXBDUWxsM1JrRlpTVXQzV1VKQ1VWVklRWGRGUjBORGMwZEJVVlZHUW5kTlEwMUJPRWRCTVZWa1JYZEZRaTkzVVVaTlFVMUNRV1k0ZDBoUldVUldVakJQQ2tKQ1dVVkdSREZaTHpkYVNtaFFUbkl3ZUZOeWVWUkNaMXBoV2tGM1EyMW1UVUZ2UjBORGNVZFRUVFE1UWtGTlEwRXdaMEZOUlZWRFNWRkViVEo1UnprS2NWZHBUR1poWmpCVGJtaElhaXRXUkRSTGFXcHlVRzVXWkdRemRtOTVRa0ZoU0c5R2JuZEpaMEkzWm5sb1YxWTFlblJKVVZJelJVdFVLMGt6TDNCME5nbzJZWFpOV1d3NVNEVXlTSE5LZG5wSlVrbDNQUW90TFMwdExVVk9SQ0JEUlZKVVNVWkpRMEZVUlMwdExTMHRDZz09IiwibmFtZXNwYWNlIjoiYzNWaWJXRnlhVzVsY2kxck9ITXRZbkp2YTJWeSIsInRva2VuIjoiWlhsS2FHSkhZMmxQYVVwVFZYcEpNVTVwU1hOSmJYUndXa05KTmtsdFdUVmlhbWhvWlVWR1RHTldXalJrU0dodldqRktVbVJIY0VWU2EzQTJaREZrUWxWSFpHcGhha1Y2VDBWU2NGWldTbGxSVlU1elUwYzRhV1pSTG1WNVNuQmpNMDFwVDJsS2NtUlhTbXhqYlRWc1pFZFdla3d6VG14amJscHdXVEpXYUZreVRuWmtWelV3U1dsM2FXRXpWbWxhV0VwMVdsaFNiR041TlhCaWVUbDZXbGhLTW1GWFRteFpWMDVxWWpOV2RXUkRPWFZaVnpGc1l6TkNhRmt5VldsUGFVcDZaRmRLZEZsWVNuQmliVlo1VEZkek5HTjVNV2xqYlRseVdsaEphVXhEU25Ka1YwcHNZMjAxYkdSSFZucE1iV3gyVEROT2JHTnVXbkJaTWxab1dUSk9kbVJYTlRCTU0wNXNXVE5LYkdSRE5YVlpWekZzU1dwdmFXTXpWbWxpVjBaNVlWYzFiR05wTVhKUFNFMTBXVzVLZG1FeVZubE1WMFpyWWxkc2RVeFlVblpoTWxaMVRGZFNNMk5IVW1sSmFYZHBZVE5XYVZwWVNuVmFXRkpzWTNrMWNHSjVPWHBhV0VveVlWZE9iRmxYVG1waU0xWjFaRU01ZWxwWVNqSmhWMDVzVEZkR2Fsa3lPVEZpYmxGMVltMUdkRnBUU1RaSmJrNHhXVzB4YUdOdGJIVmFXRWwwWVhwb2VreFhTbmxpTW5Sc1kya3hhRnBITVhCaWFVbHpTVzEwTVZsdFZubGliVll3V2xoTmRXRlhPSFpqTWxaNVpHMXNhbHBYUm1wWk1qa3hZbTVSZG1NeVZubGtiV3hxV2xNeGFGa3lUblprVnpVd1RHNVdjRnBEU1RaSmFteHRXVlJqZVU0eVVYZE1WRTB4VGpKWmRFNUhUVFJOUXpGcFRsZEZNa3hVVVhsYVJHUnJUakpLYWs5SFZtbE9hVWx6U1c1T01WbHBTVFpKYms0MVl6TlNiR0pVY0hwYVdFb3lZVmRPYkZsWFRtcGlNMVoxWkVSd2VtUlhTblJaV0Vwd1ltMVdlVXhYY3pSamVURnBZMjA1Y2xwWVNUWmpNMVpwWWxkR2VXRlhOV3hqYVRGeVQwaE5kRmx1U25aaE1sWjVURmRHYTJKWGJIVkpiakF1V1VWNFNtWllhek53T1hGQ1QxRktRMW95T1hObmNGQlhhWFIwV2tGUFdYcDVURzAyT1VWWmMyWktkRkZyZVdsd1VuWlZNMlZpWlMxbVVVdFNRbEZVVHpKVlJYUnBWVlZSVGtaT2RXa3dYMlJVZFcxWFZ6bGpTbGcwVTJ0WFUxbzFWbVZCUVU1V1VraHZhelpJV1hkVWNGbFFiMnRtWWtWNWNsOTFkM2hDUVVoUmFFNHhaRmRwVVRoZmRFSklOa2QxTFZWTmR6UmpSbGhYZFVWTGNVaE1XSEE0ZFhGVVlURjFkMlJNYURGVExYaFFaMFU1Y1ZoQmFrUkZWak4xUVdGc1MzRlBRV2RpT1dsNFZtTmZZa3R2YzFWd1RHZHRjakJyVFZaS00wTm1RVzlQUTNKdVVGVnRZa3RCTUZWT1oyUnBNVUpwZVY5RGN6bFdPV3BrUVhKWlJreENiWGw1U2taa01WZE5WMlZRY2s1NFZGWk9hazVvYzNkS2NFVmpaRkpNVlRGaE0waE1ZekJ6ZFVGMFdqSkVOazlyUzAxWVprZHZaMFo1U0hKYU1GWXhSWGMzTFdKVGRGTkNRMnQwTldoeVQwbHRVM2xRU21OaE1VbzVVMmhDU1ZGRVgyRXRUMUpLYUZOc1ZWcGpZVEF6YlVoWGFrbGtlVGR1VkdGV1JYVnJkMWhuZG5sTmVXNXpVbE5OTlVoalIwaHVOMHh0VG1Oa09GOUZRWEIyY2tNM2FXVkJWVWt3TkUweFZtUnFiWEZEV0ZsWllWRmpkbkI2YzNsRU5rcGtWMlJITTA1d09HbHJkMTgwUTI5VWJrNXBTa2hRT0VaQ2FVcG1abEJYVDNoMk5sbEJTRVI2ZDNFdFYydzVjWFJ0T1RKUVNsVjFWV0ZyU0hGU00yaFRXSGxOTUhVdFVUaEdOV3MxY2t0d1pHVnBTMFpYYTFablozQkZiR0ptVjJSa1kyaHRhMk5mZVZnNVZqRmxUVFl4VlVJMFpESkpSRmx4VkZSMWNEbFJiWE4yWWxvNWJUVnFZelY2TjFoTVVESXpabGcwVkU5UVVHRjJTbkJNVTFKdmMzRlZYMWRGUW5sUlNIVmZORGRRUjBkR0xVZFBOMDg0TFdwRVpGOVlVamxvVjFGSWRYVmpRMnR0V1Y5eFJISndlbUp1ZUZWZlFXdFZXa1pzWDAwMFExQTBMVzE0TUhkaFJEaDBUM2M9In0sInR5cGUiOiJrdWJlcm5ldGVzLmlvL3NlcnZpY2UtYWNjb3VudC10b2tlbiJ9LCJpcHNlY1BTSyI6eyJtZXRhZGF0YSI6eyJuYW1lIjoic3VibWFyaW5lci1pcHNlYy1wc2sifSwiZGF0YSI6eyJwc2siOiJqUDJTc1hZMk9Wd3hpTlptQlJsaFVqNWxsVmNyaFBrNUl4V2szOXpnRUlvWUo1dVIxZjZMWjhjWTFFblUzWjgyIn19LCJzZXJ2aWNlRGlzY292ZXJ5Ijp0cnVlLCJDb21wb25lbnRzIjpbImNvbm5lY3Rpdml0eSIsInNlcnZpY2UtZGlzY292ZXJ5Il19 
paa3lis@FE-U-00011:~$ KUBECONFIG=submariner-hub-omni-infra.kubeconfig kubectl get --raw /version


