 vim cilium-class.yaml

$ kubectl apply -f cilium-class.yaml
error: resource mapping not found for name: "cilium" namespace: "" from "cilium-class.yaml": no matches for kind "GatewayClass" in version "gateway.networking.k8s.io/v1"
ensure CRDs are installed first

$ vim cilium-class.yaml

PAA3LIS@LIS-C-002L2 MINGW64 ~
$ kubectl get crds | grep gateway.networking
backendtlspolicies.gateway.networking.k8s.io                      2026-01-22T14:52:02Z
tcproutes.gateway.networking.k8s.io                               2026-01-22T17:00:28Z
tlsroutes.gateway.networking.k8s.io                               2026-01-22T17:00:28Z
udproutes.gateway.networking.k8s.io                               2026-01-22T17:00:29Z
xbackendtrafficpolicies.gateway.networking.x-k8s.io               2026-01-22T14:52:03Z
xlistenersets.gateway.networking.x-k8s.io                         2026-01-22T14:52:03Z
xmeshes.gateway.networking.x-k8s.io                               2026-01-22T14:52:03Z

$ kubectl get gatewayClasses
error: the server doesn't have a resource type "gatewayClasses"

PAA3LIS@LIS-C-002L2 MINGW64 ~
$ kubectl get gatewayclasses
error: the server doesn't have a resource type "gatewayclasses"

$ kubectl api-resources | grep gateway
ciliumgatewayclassconfigs                    cgcc                                cilium.io/v2alpha1                     true         CiliumGatewayClassConfig
gatewayclassconfigs                                                              consul.hashicorp.com/v1alpha1          false        GatewayClassConfig
gatewaypolicies                                                                  consul.hashicorp.com/v1alpha1          true         GatewayPolicy
ingressgateways                              ingress-gateway                     consul.hashicorp.com/v1alpha1          true         IngressGateway
terminatinggateways                          terminating-gateway                 consul.hashicorp.com/v1alpha1          true         TerminatingGateway
backendtlspolicies                           btlspolicy                          gateway.networking.k8s.io/v1           true         BackendTLSPolicy
tcproutes                                                                        gateway.networking.k8s.io/v1alpha2     true         TCPRoute
tlsroutes                                                                        gateway.networking.k8s.io/v1alpha2     true         TLSRoute
udproutes                                                                        gateway.networking.k8s.io/v1alpha2     true         UDPRoute
xbackendtrafficpolicies                      xbtrafficpolicy                     gateway.networking.x-k8s.io/v1alpha1   true         XBackendTrafficPolicy
xlistenersets                                lset                                gateway.networking.x-k8s.io/v1alpha1   true         XListenerSet
xmeshes                                      mesh                                gateway.networking.x-k8s.io/v1alpha1   false        XMesh

$ kubectl get httproutes -A
error: the server doesn't have a resource type "httproutes"

$ kubectl api-versions | grep gateway
gateway.networking.k8s.io/v1
gateway.networking.k8s.io/v1alpha2
gateway.networking.k8s.io/v1alpha3
gateway.networking.x-k8s.io/v1alpha1



########################

consul error critical

yes almost there iam getting  Starting Consul agent...                                                                                                                                             │
│                Version: '1.22.2'                                                                                                                                         ││             Build Date: '2025-12-17 05:40:06 +0000 UTC'                                                                                                                  │
│                Node ID: 'd48406be-a2c8-d179-4835-ae5673d619cb'                                                                                                           ││              Node name: 'klusterx-worker-mas-qa-02'                                                                                                                      │
│             Datacenter: 'mas-qa' (Segment: '')                                                                                                                           ││                 Server: false (Bootstrap: false)                                                                                                                         │
│            Client Addr: [0.0.0.0] (HTTP: -1, HTTPS: 8501, gRPC: -1, gRPC-TLS: 8502, DNS: 8600)                                                                           │
│           Cluster Addr: 10.244.2.53 (LAN: 8301, WAN: 8302)                                                                                                               │
│      Gossip Encryption: false                                                                                                                                            │
│       Auto-Encrypt-TLS: true                                                                                                                                             │
│            ACL Enabled: false                                                                                                                                            │
│     ACL Default Policy: allow                                                                                                                                            │
│              HTTPS TLS: Verify Incoming: false, Verify Outgoing: true, Min Version: TLSv1_2                                                                              │
│               gRPC TLS: Verify Incoming: false, Min Version: TLSv1_2                                                                                                     │
│       Internal RPC TLS: Verify Incoming: false, Verify Outgoing: true (Verify Hostname: false), Min Version: TLSv1_2                                                     │
│                                                                                                                                                                          │
│ ==> Log data will now stream in as it occurs:                                                                                                                            │
│                                                                                                                                                                          │
│ 2026-01-27T00:30:31.780Z [WARN]  agent: The 'ca_file' field is deprecated. Use the 'tls.defaults.ca_file' field instead.                                                 │
│ 2026-01-27T00:30:31.780Z [WARN]  agent: The 'verify_outgoing' field is deprecated. Use the 'tls.defaults.verify_outgoing' field instead.                                 │
│ 2026-01-27T00:30:31.874Z [WARN]  agent.auto_config: The 'ca_file' field is deprecated. Use the 'tls.defaults.ca_file' field instead.                                     │
│ 2026-01-27T00:30:31.874Z [WARN]  agent.auto_config: The 'verify_outgoing' field is deprecated. Use the 'tls.defaults.verify_outgoing' field instead.                     │
│ 2026-01-27T00:30:31.876Z [ERROR] agent.auto_config: no auto-encrypt server addresses available for use                                                                   │
│ 2026-01-27T00:30:31.876Z [ERROR] agent.auto_config: no auto-encrypt server addresses available for use                                                                   │
│ 2026-01-27T00:30:32.917Z [ERROR] agent.auto_config: no auto-encrypt server addresses available for use                                                                   │
│ 2026-01-27T00:30:35.057Z [ERROR] agent.auto_config: no auto-encrypt server addresses available for use                                                                   │
│ 2026-01-27T00:30:39.962Z [ERROR] agent.auto_config: no auto-encrypt server addresses available for use                                                                   │
│ 2026-01-27T00:30:49.905Z [ERROR] agent.auto_config: no auto-encrypt server addresses available for use                                                                   │
│ 2026-01-27T00:31:09.795Z [ERROR] agent.auto_config: no auto-encrypt server addresses available for use                                                                   │
│ 2026-01-27T00:31:44.738Z [ERROR] agent.auto_config: no auto-encrypt server addresses available for use                                                                   │
│ 2026-01-27T00:32:59.217Z [ERROR] agent.auto_config: no auto-encrypt server addresses available for use                                                                   │
│ 2026-01-27T00:35:32.959Z [ERROR] agent.auto_config: no auto-encrypt server addresses available for use                                                                   │
│ 2026-01-27T00:40:40.196Z [ERROR] agent.auto_config: no auto-encrypt server addresses available for use                                                                   │
│ 2026-01-27T00:50:09.150Z [ERROR] agent.auto_config: no auto-encrypt server addresses available for use                                                                   │
│ 2026-01-27T01:00:39.438Z [ERROR] agent.auto_config: no auto-encrypt server addresses available for use      2026-01-27T01:09:01.678Z [INFO]  consul-server-connection-manager.consul-server-connection-manager: trying to connect to a Consul server                                 │
│ 2026-01-27T01:09:01.678Z [INFO]  consul-server-connection-manager.consul-server-connection-manager: discovered Consul servers: addresses=[10.19.143.87:8502]             ││ 2026-01-27T01:09:01.678Z [INFO]  consul-server-connection-manager.consul-server-connection-manager: current prioritized list of known Consul servers: addresses=[10.19.1 │
│ 2026-01-27T01:09:04.739Z [ERROR] consul-server-connection-manager.consul-server-connection-manager: connection error: error="fetching supported dataplane features: rpc  ││ 2026-01-27T01:09:05.285Z [INFO]  consul-server-connection-manager.consul-server-connection-manager: trying to connect to a Consul server                                 │
│ 2026-01-27T01:09:05.285Z [INFO]  consul-server-connection-manager.consul-server-connection-manager: discovered Consul servers: addresses=[10.19.143.87:8502]             ││ 2026-01-27T01:09:05.285Z [INFO]  consul-server-connection-manager.consul-server-connection-manager: current pr2026-01-27T01:09:47.726Z [INFO]  consul-server-connection-manager.consul-server-connection-manager: current prioritized list of known Consul servers: addresses=[10.19.1 │
│ 2026-01-27T01:09:50.787Z [ERROR] consul-server-connection-manager.consul-server-connection-manager: connection error: error="fetching supported dataplane features: rpc  │
│ unable to start Consul server watcher: context canceled                                                                                                                  │
│ 2026-01-27T01:09:58.355Z [INFO]  consul-server-connection-manager.consul-server-connection-manager: stopping


global:
  name: "consul"                 # UNIQUE cluster name
  datacenter: "mas-qa"                # Same DC is OK for OSS
  #datacenter: "mas-qa"


  # IMPORTANT: point ONLY to the HUB CONSUL SERVER VIP
  retry_join:
    - "192.168.143.87"               # consul-server LoadBalancer VIP

  tls:
    enabled: true
    enableAutoEncrypt: true
    verify: true
    caCert:
      secretName: consul-ca-cert     # <— name copied from hub
      secretKey: tls.crt




externalServers:
  enabled: true
  hosts:
    - "192.168.143.87"
  httpsPort: 8501
  grpcPort: 8502


server:
  enabled: false                   # SPOKES NEVER RUN SERVERS

client:
  enabled: true
  grpc: true                       # REQUIRED for mesh & xDS
  exposeGossipPorts: false

connectInject:
  enabled: true
  default: false                   # opt-in per namespace

meshGateway:
  enabled: true
  mode: local                      # spoke-local gateway
  replicas: 2

ui:
  enabled: false                   # UI ONLY IN HUB

dns:
  enabled: true
  enableRedirection: true
  requestTimeout: "5s"

syncCatalog:
  enabled: true
  toConsul: true
  fromConsul: false

hostNetwork: false
############################

                         Autoscroll:On      FullScreen:Off     Timestamps:Off     Wrap:Off                                        │
│                 Server: false (Bootstrap: false)                                                                                               │
│            Client Addr: [0.0.0.0] (HTTP: -1, HTTPS: 8501, gRPC: -1, gRPC-TLS: 8502, DNS: 8600)                                                 │
│           Cluster Addr: 10.244.2.51 (LAN: 8301, WAN: 8302)                                                                                     │
│      Gossip Encryption: false                                                                                                                  │
│       Auto-Encrypt-TLS: true                                                                                                                   │
│            ACL Enabled: false                                                                                                                  │
│     ACL Default Policy: allow                                                                                                                  │
│              HTTPS TLS: Verify Incoming: false, Verify Outgoing: true, Min Version: TLSv1_2                                                    │
│               gRPC TLS: Verify Incoming: false, Min Version: TLSv1_2                                                                           │
│       Internal RPC TLS: Verify Incoming: false, Verify Outgoing: true (Verify Hostname: false), Min Version: TLSv1_2                           │
│                                                                                                                                                │
│ ==> Log data will now stream in as it occurs:                                                                                                  │
│                                                                                                                                                │
│ 2026-01-27T08:53:51.352Z [WARN]  agent: The 'ca_file' field is deprecated. Use the 'tls.defaults.ca_file' field instead.                       │
│ 2026-01-27T08:53:51.352Z [WARN]  agent: The 'verify_outgoing' field is deprecated. Use the 'tls.defaults.verify_outgoing' field instead.       │
│ 2026-01-27T08:53:51.652Z [WARN]  agent.auto_config: The 'ca_file' field is deprecated. Use the 'tls.defaults.ca_file' field instead.           │
│ 2026-01-27T08:53:51.652Z [WARN]  agent.auto_config: The 'verify_outgoing' field is deprecated. Use the 'tls.defaults.verify_outgoing' field in │
│ 2026-01-27T08:53:51.652Z [ERROR] agent.auto_config: no auto-encrypt server addresses available for use                                         │
│ 2026-01-27T08:53:51.652Z [ERROR] agent.auto_config: no auto-encrypt server addresses available for use                                         │
│ 2026-01-27T08:53:52.817Z [ERROR] agent.auto_config: no auto-encrypt server addresses available for use                                         │
│ 2026-01-27T08:53:55.179Z [ERROR] agent.auto_config: no auto-encrypt server addresses available for use                                         │
│ 2026-01-27T08:53:59.968Z [ERROR] agent.auto_config: no auto-encrypt server addresses available for use                                         │
│ 2026-01-27T08:54:09.697Z [ERROR] agent.auto_config: no auto-encrypt server addresses available for use                                         │
│ 2026-01-27T08:54:27.660Z [ERROR] agent.auto_config: no auto-encrypt server addresses available for use                                         │
│ 2026-01-27T08:55:07.652Z [ERROR] agent.auto_config: no auto-encrypt server addresses available for 
                                       Autoscroll:On      FullScreen:Off     Timestamps:Off     Wrap:Off                                        │
│ 2026-01-27T08:55:58.868Z [INFO]  consul-server-connection-manager.consul-server-connection-manager: current prioritized list of known Consul s │
│ 2026-01-27T08:56:01.923Z [ERROR] consul-server-connection-manager.consul-server-connection-manager: connection error: error="fetching supporte │
│ 2026-01-27T08:56:05.566Z [INFO]  consul-server-connection-manager.consul-server-connection-manager: trying to connect to a Consul server       │
│ 2026-01-27T08:56:05.566Z [INFO]  consul-server-connection-manager.consul-server-connection-manager: discovered Consul servers: addresses=[10.1 │
│ 2026-01-27T08:56:05.566Z [INFO]  consul-server-connection-manager.consul-server-connection-manager: current prioritized list of known Consul s │
│ 2026-01-27T08:56:08.643Z [ERROR] consul-server-connection-manager.consul-server-connection-manager: connection error: error="fetching supporte │
│ 2026-01-27T08:56:11.616Z [INFO]  consul-server-connection-manager.consul-server-connection-manager: trying to connect to a Consul server       │
│ 2026-01-27T08:56:11.616Z [INFO]  consul-server-connection-manager.consul-server-connection-manager: discovered Consul servers: addresses=[10.1 │
│ 2026-01-27T08:56:11.616Z [INFO]  consul-server-connection-manager.consul-server-connection-manager: current prioritized list of known Consul s │
│ 2026-01-27T08:56:11.715Z [ERROR] consul-server-connection-manager.consul-server-connection-manager: connection error: error="fetching supporte │
│ 2026-01-27T08:56:17.865Z [INFO]  consul-server-connection-manager.consul-server-connection-manager: trying to connect to a Consul server       │
│ 2026-01-27T08:56:17.865Z [INFO]  consul-server-connection-manager.consul-server-connection-manager: discovered Consul servers: addresses=[10.1 │
│ 2026-01-27T08:56:17.865Z [INFO]  consul-server-connection-manager.consul-server-connection-manager: current prioritized list of known Consul s │
│ 2026-01-27T08:56:20.931Z [ERROR] consul-server-connection-manager.consul-server-connection-manager: connection error: error="fetching supporte │
│ 2026-01-27T08:56:25.305Z [INFO]  consul-server-connection-manager.consul-server-connection-manager: trying to connect to a Consul server       │
│ 2026-01-27T08:56:25.306Z [INFO]  consul-server-connection-manager.consul-server-connection-manager: discovered Consul servers: addresses=[10.1 │
│ 2026-01-27T08:56:25.306Z [INFO]  consul-server-connection-manager.consul-server-connection-manager: current prioritized list of known Consul s │
│ 2026-01-27T08:56:28.355Z [ERROR] consul-server-connection-manager.consul-server-connection-manager: connection error: error="fetching supporte │
│ 2026-01-27T08:56:34.951Z [INFO]  consul-server-connection-manager.consul-server-connection-manager: trying to connect to a Consul server       │
│ 2026-01-27T08:56:34.951Z [INFO]  consul-server-connection-manager.consul-server-connection-manager: discovered Consul servers: addresses=[10.1 │
│ 2026-01-27T08:56:34.951Z [INFO]  consul-server-connection-manager.consul-server-connection-manager: current prioritized list of known Consul s │
│ 2026-01-27T08:56:38.019Z [ERROR] consul-server-connection-manager.consul-server-connection-manager: connection error: error="fetching supporte │
│ unable to start Consul server watcher: context canceled                                                                                        │
│ 2026-01-27T08:56:42.355Z [INFO]  consul-server-connection-manager.consul-server-connection-manager: stopping                                   │
│ stream closed: EOF for consul/consul-connect-injector-58b4c6666d-4gzb4 (sidecar-injector)                


server
extraConfig: |
    {
      "acl": {
        "enabled": true,
        "default_policy": "allow",
        "enable_token_persistence": true
      },
      "connect": { "enabled": true },
      "ports": { "grpc": 8502 },
      "auto_encrypt": { "allow_tls": true }
    }
client 


 {
      "tls": {
        "defaults": {
          "verify_outgoing": true,
          "min_version": "tls12"
        }
      }
    }


&&&&&&&&&&&&&&&&&&&&&&&&&&&&&&&&&&&&&&&&&&&&&&&&&&&&&&&&&&&&&&&&&&&&&

2026-01-27T09:40:25.273Z [INFO]  agent.server.cert-manager: initialized server certificate management                                          │
│ 2026-01-27T09:40:25.273Z [INFO]  agent: Started DNS server: address=0.0.0.0:8600 network=udp                                                   │
│ 2026-01-27T09:40:25.273Z [INFO]  agent: Started DNS server: address=0.0.0.0:8600 network=tcp                                                   │
│ 2026-01-27T09:40:25.371Z [INFO]  agent.http: Registered resource endpoint: endpoint=/api/demo/v1/album                                         │
│ 2026-01-27T09:40:25.371Z [INFO]  agent.http: Registered resource endpoint: endpoint=/api/demo/v2/album                                         │
│ 2026-01-27T09:40:25.371Z [INFO]  agent.http: Registered resource endpoint: endpoint=/api/demo/v2/festival                                      │
│ 2026-01-27T09:40:25.371Z [INFO]  agent.http: Registered resource endpoint: endpoint=/api/multicluster/v2/namespaceexportedservices             │
│ 2026-01-27T09:40:25.371Z [INFO]  agent.http: Registered resource endpoint: endpoint=/api/multicluster/v2/partitionexportedservices             │
│ 2026-01-27T09:40:25.371Z [INFO]  agent.http: Registered resource endpoint: endpoint=/api/internal/v1/tombstone                                 │
│ 2026-01-27T09:40:25.371Z [INFO]  agent.http: Registered resource endpoint: endpoint=/api/demo/v1/executive                                     │
│ 2026-01-27T09:40:25.371Z [INFO]  agent.http: Registered resource endpoint: endpoint=/api/demo/v1/recordlabel                                   │
│ 2026-01-27T09:40:25.371Z [INFO]  agent.http: Registered resource endpoint: endpoint=/api/demo/v1/artist                                        │
│ 2026-01-27T09:40:25.371Z [INFO]  agent.http: Registered resource endpoint: endpoint=/api/demo/v1/concept                                       │
│ 2026-01-27T09:40:25.371Z [INFO]  agent.http: Registered resource endpoint: endpoint=/api/demo/v2/artist                                        │
│ 2026-01-27T09:40:25.371Z [INFO]  agent.http: Registered resource endpoint: endpoint=/api/multicluster/v2/exportedservices                      │
│ 2026-01-27T09:40:25.371Z [INFO]  agent.http: Registered resource endpoint: endpoint=/api/multicluster/v2/computedexportedservices              │
│ 2026-01-27T09:40:25.371Z [INFO]  agent: Starting server: address=[::]:8501 network=tcp protocol=https                                          │
│ 2026-01-27T09:40:25.371Z [INFO]  agent: Started gRPC listeners: port_name=grpc address=[::]:8502 network=tcp                                   │
│ 2026-01-27T09:40:25.371Z [ERROR] agent: gRPC server failed: port_name=grpc error="accept tcp [::]:8502: use of closed network connection"      │
│ 2026-01-27T09:40:25.371Z [ERROR] agent: Error starting agent: error="listen tcp 0.0.0.0:8502: bind: address already in use"                    │
│ 2026-01-27T09:40:25.371Z [INFO]  agent: Exit code: code=1     i just added 
connect": { "enabled": true },
      "ports": { "grpc": 8502 },
      "auto_encrypt": { "allow_tls": true }


 helm upgrade --install consul hashicorp/consul -n consul -f consul-prod.yaml  --rollback-on-failure --timeout 5m
level=WARN msg="unable to find exact version; falling back to closest available version" chart=consul requested="" selected=1.9.2
I0127 09:39:16.343392   32232 warnings.go:110] "Warning: spec.SessionAffinity is ignored for headless services"
level=WARN msg="upgrade failed" name=consul error="conflict occurred while applying object /gatewayclasses.gateway.networking.k8s.io apiextensions.k8s.io/v1, Kind=CustomResourceDefinition: Apply failed with 4 conflicts: conflicts with \"kubectl-client-side-apply\" using apiextensions.k8s.io/v1:\n- .metadata.annotations.api-approved.kubernetes.io\n- .metadata.annotations.gateway.networking.k8s.io/bundle-version\n- .metadata.annotations.gateway.networking.k8s.io/channel\n- .spec.versions && conflict occurred while applying object /gateways.gateway.networking.k8s.io apiextensions.k8s.io/v1, Kind=CustomResourceDefinition: Apply failed with 4 conflicts: conflicts with \"kubectl-client-side-apply\" using apiextensions.k8s.io/v1:\n- .metadata.annotations.api-approved.kubernetes.io\n- .metadata.annotations.gateway.networking.k8s.io/bundle-version\n- .metadata.annotations.gateway.networking.k8s.io/channel\n- .spec.versions && conflict occurred while applying object /grpcroutes.gateway.networking.k8s.io apiextensions.k8s.io/v1, Kind=CustomResourceDefinition: Apply failed with 4 conflicts: conflicts with \"kubectl-client-side-apply\" using apiextensions.k8s.io/v1:\n- .metadata.annotations.api-approved.kubernetes.io\n- .metadata.annotations.gateway.networking.k8s.io/bundle-version\n- .metadata.annotations.gateway.networking.k8s.io/channel\n- .spec.versions && conflict occurred while applying object /httproutes.gateway.networking.k8s.io apiextensions.k8s.io/v1, Kind=CustomResourceDefinition: Apply failed with 4 conflicts: conflicts with \"kubectl-client-side-apply\" using apiextensions.k8s.io/v1:\n- .metadata.annotations.api-approved.kubernetes.io\n- .metadata.annotations.gateway.networking.k8s.io/bundle-version\n- .metadata.annotations.gateway.networking.k8s.io/channel\n- .spec.versions && conflict occurred while applying object /referencegrants.gateway.networking.k8s.io apiextensions.k8s.io/v1, Kind=CustomResourceDefinition: Apply failed with 4 conflicts: conflicts with \"kubectl-client-side-apply\" using apiextensions.k8s.io/v1:\n- .metadata.annotations.api-approved.kubernetes.io\n- .metadata.annotations.gateway.networking.k8s.io/bundle-version\n- .metadata.annotations.gateway.networking.k8s.io/channel\n- .spec.versions"
level=WARN msg="Rollback \"consul\" failed: original object PodDisruptionBudget with the name \"mas-qa-connect-injector\" not found"
Error: UPGRADE FAILED: an error occurred while rolling back the release. original upgrade error: conflict occurred while applying object /gatewayclasses.gateway.networking.k8s.io apiextensions.k8s.io/v1, Kind=CustomResourceDefinition: Apply failed with 4 conflicts: conflicts with "kubectl-client-side-apply" using apiextensions.k8s.io/v1:
- .metadata.annotations.api-approved.kubernetes.io
- .metadata.annotations.gateway.networking.k8s.io/bundle-version
- .metadata.annotations.gateway.networking.k8s.io/channel
- .spec.versions && conflict occurred while applying object /gateways.gateway.networking.k8s.io apiextensions.k8s.io/v1, Kind=CustomResourceDefinition: Apply failed with 4 conflicts: conflicts with "kubectl-client-side-apply" using apiextensions.k8s.io/v1:
- .metadata.annotations.api-approved.kubernetes.io
- .metadata.annotations.gateway.networking.k8s.io/bundle-version
- .metadata.annotations.gateway.networking.k8s.io/channel
- .spec.versions && conflict occurred while applying object /grpcroutes.gateway.networking.k8s.io apiextensions.k8s.io/v1, Kind=CustomResourceDefinition: Apply failed with 4 conflicts: conflicts with "kubectl-client-side-apply" using apiextensions.k8s.io/v1:
- .metadata.annotations.api-approved.kubernetes.io
- .metadata.annotations.gateway.networking.k8s.io/bundle-version
- .metadata.annotations.gateway.networking.k8s.io/channel
- .spec.versions && conflict occurred while applying object /httproutes.gateway.networking.k8s.io apiextensions.k8s.io/v1, Kind=CustomResourceDefinition: Apply failed with 4 conflicts: conflicts with "kubectl-client-side-apply" using apiextensions.k8s.io/v1:
- .metadata.annotations.api-approved.kubernetes.io
- .metadata.annotations.gateway.networking.k8s.io/bundle-version
- .metadata.annotations.gateway.networking.k8s.io/channel
- .spec.versions && conflict occurred while applying object /referencegrants.gateway.networking.k8s.io apiextensions.k8s.io/v1, Kind=CustomResourceDefinition: Apply failed with 4 conflicts: conflicts with "kubectl-client-side-apply" using apiextensions.k8s.io/v1:
- .metadata.annotations.api-approved.kubernetes.io
- .metadata.annotations.gateway.networking.k8s.io/bundle-version
- .metadata.annotations.gateway.networking.k8s.io/channel
- .spec.versions: original object PodDisruptionBudget with the name "mas-qa-connect-injector" not found


global:
  name: consul
  datacenter: central-primary-infra

  tls:
    enabled: true
    enableAutoEncrypt: true
    httpsOnly: true

  acls:
    manageSystemACLs: true
  authMethod:
     enable: true
     name: consul-k8s-component-auth-method
   # bootstrapToken:
   #   secretName: consul-bootstrap-acl-token
   #   secretKey: token

  peering:
    enabled: true

  meshGateway:
    enabled: true


ui:
  enabled: true

controller:
  enabled: true

dataplane:
  enabled: true

server:
  enabled: true
  replicas: 3
  bootstrapExpect: 3

  exposeService:
   enabled: true
   type: LoadBalancer
   annotations: |
        lbipam.cilium.io/ips: "192.168.143.87"
        service.cilium.io/global: "true"
     # REQUIRED: Label for the Cilium IP Pool selector
   labels:
        io.cilium/lb-ipam-ips: "true"


  extraConfig: |
    {
      "acl": {
        "enabled": true,
        "default_policy": "allow",
        "enable_token_persistence": true
      },

       "connect": { "enabled": true },
       "ports": { "grpc": 8502 },
       "auto_encrypt": { "allow_tls": true }

    }

client:
  enabled: true
  grpc: true
  extraConfig: |
    {
      "verify_incoming": false,
      "verify_outgoing": true,
      "verify_server_hostname": true
    }

connectInject:
  enabled: true

  default: true
  k8sAllowNamespaces: ["cattle-system","kube-system","consul","infra-system"]
  tls:
    enabled: true

syncCatalog:
  enabled: true
  toConsul: true
  toK8S: false
  consulNodeName: "omni-infra"
  k8sAllowNamespaces: ["cattle-system","kube-system","consul","infra-system"]
  k8sDenyNamespaces: ["default"]
  addK8SNamespaceSuffix: false
  tls:
    enabled: true

meshGateway:
  enabled: true
  replicas: 2
  service:
    type: LoadBalancer
    # chart 1.9.x expects a STRING here, not a map
    annotations: |
      service.cilium.io/global: "true"
      lbipam.cilium.io/ips: "192.168.143.100"
      consul.hashicorp.com/connect-inject: "true"
      consul.hashicorp.com/mesh-inject: "true"
    labels:
        io.cilium/lb-ipam-ips: "true"
  hostNetwork: false

